
tpotnuru@LIN65005823 MINGW64 ~
$ git clone
fatal: You must specify a repository to clone.

usage: git clone [<options>] [--] <repo> [<dir>]

    -v, --verbose         be more verbose
    -q, --quiet           be more quiet
    --progress            force progress reporting
    --reject-shallow      don't clone shallow repository
    -n, --no-checkout     don't create a checkout
    --bare                create a bare repository
    --mirror              create a mirror repository (implies bare)
    -l, --local           to clone from a local repository
    --no-hardlinks        don't use local hardlinks, always copy
    -s, --shared          setup as shared repository
    --recurse-submodules[=<pathspec>]
                          initialize submodules in the clone
    --recursive ...       alias of --recurse-submodules
    -j, --jobs <n>        number of submodules cloned in parallel
    --template <template-directory>
                          directory from which templates will be used
    --reference <repo>    reference repository
    --reference-if-able <repo>
                          reference repository
    --dissociate          use --reference only while cloning
    -o, --origin <name>   use <name> instead of 'origin' to track upstream
    -b, --branch <branch>
                          checkout <branch> instead of the remote's HEAD
    -u, --upload-pack <path>
                          path to git-upload-pack on the remote
    --depth <depth>       create a shallow clone of that depth
    --shallow-since <time>
                          create a shallow clone since a specific time
    --shallow-exclude <revision>
                          deepen history of shallow clone, excluding rev
    --single-branch       clone only one branch, HEAD or --branch
    --no-tags             don't clone any tags, and make later fetches not to follow them
    --shallow-submodules  any cloned submodules will be shallow
    --separate-git-dir <gitdir>
                          separate git dir from working tree
    -c, --config <key=value>
                          set config inside the new repository
    --server-option <server-specific>
                          option to transmit
    -4, --ipv4            use IPv4 addresses only
    -6, --ipv6            use IPv6 addresses only
    --filter <args>       object filtering
    --remote-submodules   any cloned submodules will use their remote-tracking branch
    --sparse              initialize sparse-checkout file to include only files at root


tpotnuru@LIN65005823 MINGW64 ~
$ mkdir assignments

tpotnuru@LIN65005823 MINGW64 ~
$ cd assignments

tpotnuru@LIN65005823 MINGW64 ~/assignments
$ git add Readme.txt
fatal: not a git repository (or any of the parent directories): .git

tpotnuru@LIN65005823 MINGW64 ~/assignments
$ touch Readme.txt

tpotnuru@LIN65005823 MINGW64 ~/assignments
$ git add Readme.txt
fatal: not a git repository (or any of the parent directories): .git

tpotnuru@LIN65005823 MINGW64 ~/assignments
$ git commit -m 'Readme.txt file commited'
fatal: not a git repository (or any of the parent directories): .git

tpotnuru@LIN65005823 MINGW64 ~/assignments
$ git status
fatal: not a git repository (or any of the parent directories): .git

tpotnuru@LIN65005823 MINGW64 ~/assignments
$ vi Readme.txt

tpotnuru@LIN65005823 MINGW64 ~/assignments
$ git status
fatal: not a git repository (or any of the parent directories): .git

tpotnuru@LIN65005823 MINGW64 ~/assignments
$ git init
Initialized empty Git repository in C:/Users/TPOTNURU/assignments/.git/

tpotnuru@LIN65005823 MINGW64 ~/assignments (master)
$ git status
On branch master

No commits yet

Untracked files:
  (use "git add <file>..." to include in what will be committed)
        Readme.txt

nothing added to commit but untracked files present (use "git add" to track)

tpotnuru@LIN65005823 MINGW64 ~/assignments (master)
$ git add Readme.txt

tpotnuru@LIN65005823 MINGW64 ~/assignments (master)
$ git status
On branch master

No commits yet

Changes to be committed:
  (use "git rm --cached <file>..." to unstage)
        new file:   Readme.txt


tpotnuru@LIN65005823 MINGW64 ~/assignments (master)
$ vi Readme.txt

tpotnuru@LIN65005823 MINGW64 ~/assignments (master)
$ git commit -m 'Readme.txt file commited'
[master (root-commit) 19f4180] Readme.txt file commited
 1 file changed, 7 insertions(+)
 create mode 100644 Readme.txt

tpotnuru@LIN65005823 MINGW64 ~/assignments (master)
$ git status
On branch master
Changes not staged for commit:
  (use "git add <file>..." to update what will be committed)
  (use "git restore <file>..." to discard changes in working directory)
        modified:   Readme.txt

no changes added to commit (use "git add" and/or "git commit -a")

tpotnuru@LIN65005823 MINGW64 ~/assignments (master)
$ git add Readme.txt

tpotnuru@LIN65005823 MINGW64 ~/assignments (master)
$ git status
On branch master
Changes to be committed:
  (use "git restore --staged <file>..." to unstage)
        modified:   Readme.txt


tpotnuru@LIN65005823 MINGW64 ~/assignments (master)
$ touch Html assignments

tpotnuru@LIN65005823 MINGW64 ~/assignments (master)
$ git checkout -b <new branch>
bash: syntax error near unexpected token `newline'

tpotnuru@LIN65005823 MINGW64 ~/assignments (master)
$ > git branch
bash: branch: command not found

tpotnuru@LIN65005823 MINGW64 ~/assignments (master)
$ git pull
There is no tracking information for the current branch.
Please specify which branch you want to merge with.
See git-pull(1) for details.

    git pull <remote> <branch>

If you wish to set tracking information for this branch you can do so with:

    git branch --set-upstream-to=<remote>/<branch> master


tpotnuru@LIN65005823 MINGW64 ~/assignments (master)
$ git branch html-assignments

tpotnuru@LIN65005823 MINGW64 ~/assignments (master)
$ git switch 'html-assignments'
Switched to branch 'html-assignments'
M       Readme.txt

tpotnuru@LIN65005823 MINGW64 ~/assignments (html-assignments)
$ git checkout master Readme.txt
Updated 1 path from 84f1adf

tpotnuru@LIN65005823 MINGW64 ~/assignments (html-assignments)
$ git status
On branch html-assignments
Untracked files:
  (use "git add <file>..." to include in what will be committed)
        Html
        assignments
        git

nothing added to commit but untracked files present (use "git add" to track)

tpotnuru@LIN65005823 MINGW64 ~/assignments (html-assignments)
$ touch file.txt

tpotnuru@LIN65005823 MINGW64 ~/assignments (html-assignments)
$ git add -A

tpotnuru@LIN65005823 MINGW64 ~/assignments (html-assignments)
$ git status
On branch html-assignments
Changes to be committed:
  (use "git restore --staged <file>..." to unstage)
        new file:   Html
        new file:   assignments
        new file:   file.txt
        new file:   git


tpotnuru@LIN65005823 MINGW64 ~/assignments (html-assignments)
$ git switch master
Switched to branch 'master'
A       Html
A       assignments
A       file.txt
A       git

tpotnuru@LIN65005823 MINGW64 ~/assignments (master)
$ touch file.html

tpotnuru@LIN65005823 MINGW64 ~/assignments (master)
$ git add -A

tpotnuru@LIN65005823 MINGW64 ~/assignments (master)
$ git status
On branch master
Changes to be committed:
  (use "git restore --staged <file>..." to unstage)
        new file:   Html
        new file:   assignments
        new file:   file.html
        new file:   file.txt
        new file:   git


tpotnuru@LIN65005823 MINGW64 ~/assignments (master)
$ git commit
Aborting commit due to empty commit message.

tpotnuru@LIN65005823 MINGW64 ~/assignments (master)
$ git switch html-assignments
Switched to branch 'html-assignments'
A       Html
A       assignments
A       file.html
A       file.txt
A       git

tpotnuru@LIN65005823 MINGW64 ~/assignments (html-assignments)
$ git stash
Saved working directory and index state WIP on html-assignments: 19f4180 Readme.txt file commited

tpotnuru@LIN65005823 MINGW64 ~/assignments (html-assignments)
$ git switch html-assignments
Already on 'html-assignments'

tpotnuru@LIN65005823 MINGW64 ~/assignments (html-assignments)
$ git checkout master file.html
error: pathspec 'file.html' did not match any file(s) known to git

tpotnuru@LIN65005823 MINGW64 ~/assignments (html-assignments)
$ git switch master
Switched to branch 'master'

tpotnuru@LIN65005823 MINGW64 ~/assignments (master)
$ git add -A

tpotnuru@LIN65005823 MINGW64 ~/assignments (master)
$ git status
On branch master
nothing to commit, working tree clean

tpotnuru@LIN65005823 MINGW64 ~/assignments (master)
$ git commit -a
On branch master
nothing to commit, working tree clean

tpotnuru@LIN65005823 MINGW64 ~/assignments (master)
$ git switch master
Already on 'master'

tpotnuru@LIN65005823 MINGW64 ~/assignments (master)
$ git merge html-assignments
Already up to date.

tpotnuru@LIN65005823 MINGW64 ~/assignments (master)
$ git branch -d html-assignments
Deleted branch html-assignments (was 19f4180).

tpotnuru@LIN65005823 MINGW64 ~/assignments (master)
$
